........................................................................ [  1%]
........................................................................ [  2%]
........................................................................ [  3%]
........................................................................ [  4%]
........................................................................ [  5%]
........................................................................ [  6%]
........................................................................ [  7%]
........................................................................ [  8%]
........................................................................ [  9%]
........................................................................ [ 10%]
.............................................ss.s..s.................sss [ 11%]
ss....s........sssssssssssssssss..................sssssssssssssssss..... [ 12%]
........................................................................ [ 13%]
........................................................................ [ 15%]
........................................................................ [ 16%]
....................................................s................... [ 17%]
........................................................................ [ 18%]
........................................................................ [ 19%]
........................................................................ [ 20%]
........................................................................ [ 21%]
........................................................................ [ 22%]
........................................................................ [ 23%]
........................................................................ [ 24%]
........................................................................ [ 25%]
........................................................................ [ 26%]
........................................................................ [ 27%]
........................................................................ [ 28%]
........................................................................ [ 30%]
........................................................................ [ 31%]
........................................................................ [ 32%]
........................................................................ [ 33%]
........................................................................ [ 34%]
........................................................................ [ 35%]
........................................................................ [ 36%]
........................................................................ [ 37%]
........................................................................ [ 38%]
........................................................................ [ 39%]
........................................................................ [ 40%]
........................................................................ [ 41%]
........................................................................ [ 42%]
........................................................................ [ 43%]
........................................................................ [ 45%]
........................................................................ [ 46%]
........................................................................ [ 47%]
........................................................................ [ 48%]
........................................................................ [ 49%]
........................................................................ [ 50%]
........................................................................ [ 51%]
........................................................................ [ 52%]
........................................................................ [ 53%]
........................................................................ [ 54%]
........................................................................ [ 55%]
........................................................................ [ 56%]
........................................................................ [ 57%]
........................................................................ [ 58%]
........................................................................ [ 60%]
........................................................................ [ 61%]
...........................ss........................................... [ 62%]
........................................................................ [ 63%]
........................................................................ [ 64%]
........................................................................ [ 65%]
........................................................................ [ 66%]
........................................................................ [ 67%]
........................................................................ [ 68%]
........................................................................ [ 69%]
........................................................................ [ 70%]
........................................................................ [ 71%]
........................................................................ [ 72%]
........................................................................ [ 74%]
........................................................................ [ 75%]
........................................................................ [ 76%]
........................................................................ [ 77%]
........................................................................ [ 78%]
........................................................................ [ 79%]
........................................................................ [ 80%]
........................................................................ [ 81%]
........................................................................ [ 82%]
........................................................................ [ 83%]
........................................................................ [ 84%]
........................................................................ [ 85%]
........................................................................ [ 86%]
........................................................................ [ 87%]
........................................................................ [ 89%]
........................................................................ [ 90%]
........................................................................ [ 91%]
........................................................................ [ 92%]
........................................................................ [ 93%]
........................................................................ [ 94%]
........................................................................ [ 95%]
........................................................................ [ 96%]
........................................................................ [ 97%]
........................................................................ [ 98%]
........................................................................ [ 99%]
.................                                                        [100%]ipc connect failed: [Errno 2] No such file or directory

=========================== short test summary info ============================
SKIPPED [10] tests/integration/test_emulator_conformance.py:487: Flatpak fixa commit; o checksum é garantia do executor portátil
SKIPPED [17] tests/integration/test_emulator_conformance.py:507: core não lança sozinho; quem lança é o RetroArch
SKIPPED [1] tests/integration/test_emulator_conformance.py:521: libretro-bluemsx nao declara capability `configure`
SKIPPED [1] tests/integration/test_emulator_conformance.py:521: libretro-fbneo nao declara capability `configure`
SKIPPED [1] tests/integration/test_emulator_conformance.py:521: libretro-freeintv nao declara capability `configure`
SKIPPED [1] tests/integration/test_emulator_conformance.py:521: libretro-fuse nao declara capability `configure`
SKIPPED [1] tests/integration/test_emulator_conformance.py:521: libretro-genesis-plus-gx nao declara capability `configure`
SKIPPED [1] tests/integration/test_emulator_conformance.py:521: libretro-mednafen-ngp nao declara capability `configure`
SKIPPED [1] tests/integration/test_emulator_conformance.py:521: libretro-mednafen-pce nao declara capability `configure`
SKIPPED [1] tests/integration/test_emulator_conformance.py:521: libretro-mednafen-vb nao declara capability `configure`
SKIPPED [1] tests/integration/test_emulator_conformance.py:521: libretro-mednafen-wswan nao declara capability `configure`
SKIPPED [1] tests/integration/test_emulator_conformance.py:521: libretro-mesen nao declara capability `configure`
SKIPPED [1] tests/integration/test_emulator_conformance.py:521: libretro-mgba nao declara capability `configure`
SKIPPED [1] tests/integration/test_emulator_conformance.py:521: libretro-mupen64plus-next nao declara capability `configure`
SKIPPED [1] tests/integration/test_emulator_conformance.py:521: libretro-opera nao declara capability `configure`
SKIPPED [1] tests/integration/test_emulator_conformance.py:521: libretro-puae nao declara capability `configure`
SKIPPED [1] tests/integration/test_emulator_conformance.py:521: libretro-snes9x nao declara capability `configure`
SKIPPED [1] tests/integration/test_emulator_conformance.py:521: libretro-stella nao declara capability `configure`
SKIPPED [1] tests/integration/test_emulator_conformance.py:521: libretro-vice-x64 nao declara capability `configure`
SKIPPED [1] ../../../../../../mnt/sdcard/Projects/Port_Steam/tests/integration/test_metadata_to_catalog_pipeline.py:173: reference/ não versionado; checkout sem pesquisa
SKIPPED [1] ../../../../../../mnt/sdcard/Projects/Port_Steam/tests/unit/test_metadata_import_pegasus.py:187: reference/ não versionado; checkout sem pesquisa
SKIPPED [1] ../../../../../../mnt/sdcard/Projects/Port_Steam/tests/unit/test_metadata_import_pegasus.py:199: reference/ não versionado; checkout sem pesquisa
6666 passed, 47 skipped in 2708.15s (0:45:08)
real-state before: exists=True files=12818 directories=2068 bytes=1372880520 max_mtime_ns=1791159420094082645 source=HOME-default
real-state after:  exists=True files=12818 directories=2068 bytes=1372880520 max_mtime_ns=1791159420094082645 source=HOME-default
